// Jest Snapshot v1, https://goo.gl/fbAQLP

exports[`Component renders correctly 1`] = `
<div
  id="view-dailycheckups-info"
>
  <ul
    class="collection with-header"
  >
    <li
      class="collection-header"
    >
      <h4
        style="padding: 10px; font-weight: bold;"
      >
        Daily Checkups Information:
      </h4>
    </li>
     
    <li
      class="collection-item"
    >
      <b>
        Id:
      </b>
      
      code
    
    </li>
     
    <li
      class="collection-item"
    >
      <b>
        Number of Days Before Test:
      </b>
      
      
    
    </li>
     
    <!---->
     
    <li
      class="collection-item"
    >
      <b>
        Instructions:
      </b>
       
    </li>
     
    <li
      class="collection-item"
    >
      <a>
        <button
          class="btn green"
          id="GoEditCheckups"
        >
          
      Edit
      
        </button>
      </a>
       
      <a>
        <button
          class="btn red"
          id="DeleteCheckups"
        >
          Delete
        </button>
      </a>
       
      <a>
        <button
          class="btn grey"
          id="GoBackDaily"
        >
          
      Back
      
        </button>
      </a>
    </li>
  </ul>
   
  <div
    class="fixed-action-btn"
  />
</div>
`;
