// Jest Snapshot v1, https://goo.gl/fbAQLP

exports[`Component renders correctly 1`] = `
<div
  id="edit-appointment"
  style="background-color: white; padding: 10px 50px 10px 50px; margin-top: 10px;"
>
  <h3>
    Edit Appointment
  </h3>
   
  <div
    class="row"
  >
    <form
      class="col s12"
    >
      <div
        class="row"
      >
        <div
          class="input-field col s12"
        >
          <p>
            Mobile Code:
          </p>
           
          <input
            disabled="disabled"
            required="required"
            type="text"
          />
        </div>
      </div>
       
      <div
        class="row"
      >
        <div
          class="input-field col s12"
        >
          <p>
            Date
          </p>
           
          <input
            class="datepicker"
            min="2019-01-01"
            required="required"
            type="date"
          />
        </div>
      </div>
       
      <div
        class="row"
      >
        <div
          class="input-field col s12"
        >
          <p>
            Time
          </p>
           
          <input
            class="timepicker"
            required="required"
            type="time"
          />
        </div>
      </div>
       
      <div
        class="row"
      >
        <div
          class="input-field col s12"
        >
          <p>
            Location:
          </p>
           
          <input
            required="required"
            type="text"
          />
        </div>
      </div>
       
      <div
        class="row"
      >
        <div
          class="input-field col s12"
        >
          <p>
            Contact Number:
          </p>
           
          <input
            required="required"
            type="number"
          />
        </div>
      </div>
       
      <div
        class="row"
      >
        <div
          class="input-field col s12"
        >
          <p>
            Change Referenced Staff:
          </p>
           
          <select
            class="browser-default"
            id="selectRefStaff"
            style="color: black;"
          />
        </div>
      </div>
       
      <button
        class="btn"
        id="submitEditAppBtn"
        type="submit"
      >
        Submit
      </button>
       
      <a
        class="btn grey"
        id="cancelAppEditBtn"
      >
        Cancel
      </a>
    </form>
  </div>
   
  <br />
</div>
`;
