// Jest Snapshot v1, https://goo.gl/fbAQLP

exports[`Component renders correctly 1`] = `
<div
  id="view-prep-list"
>
  <ul
    class="collection with-header"
  >
    <li
      class="collection-header"
    >
      <h4>
        :
      </h4>
       
      <a
        class="btn grey"
        id="backButton"
      >
        Back
      </a>
       
      <a
        class="btn green"
        id="editButton"
      >
        Edit
      </a>
       
      <button
        class="btn red"
        id="deleteButton"
      >
        Delete
      </button>
    </li>
     
    <li
      class="collection-item"
    >
      <b>
        <h5>
          Lists:
        </h5>
      </b>
       
    </li>
  </ul>
   
  <div
    class="fixed-action-btn"
  />
</div>
`;
